[2022-09-11T12:19:36.354+0200][gc] Using G1
[2022-09-11T12:19:36.355+0200][gc,init] Version: 17.0.4.1+0 (release)
[2022-09-11T12:19:36.355+0200][gc,init] CPUs: 10 total, 10 available
[2022-09-11T12:19:36.355+0200][gc,init] Memory: 16384M
[2022-09-11T12:19:36.355+0200][gc,init] Large Page Support: Disabled
[2022-09-11T12:19:36.355+0200][gc,init] NUMA Support: Disabled
[2022-09-11T12:19:36.355+0200][gc,init] Compressed Oops: Enabled (Zero based)
[2022-09-11T12:19:36.355+0200][gc,init] Heap Region Size: 1M
[2022-09-11T12:19:36.355+0200][gc,init] Heap Min Capacity: 1G
[2022-09-11T12:19:36.355+0200][gc,init] Heap Initial Capacity: 1G
[2022-09-11T12:19:36.355+0200][gc,init] Heap Max Capacity: 1G
[2022-09-11T12:19:36.355+0200][gc,init] Pre-touch: Disabled
[2022-09-11T12:19:36.355+0200][gc,init] Parallel Workers: 9
[2022-09-11T12:19:36.355+0200][gc,init] Concurrent Workers: 2
[2022-09-11T12:19:36.355+0200][gc,init] Concurrent Refinement Workers: 9
[2022-09-11T12:19:36.355+0200][gc,init] Periodic GC: Disabled
[2022-09-11T12:19:36.355+0200][gc,metaspace] CDS archive(s) mapped at: [0x0000000800000000-0x0000000800bd4000-0x0000000800bd4000), size 12402688, SharedBaseAddress: 0x0000000800000000, ArchiveRelocationMode: 0.
[2022-09-11T12:19:36.355+0200][gc,metaspace] Compressed class space mapped at: 0x0000000800c00000-0x0000000840c00000, reserved size: 1073741824
[2022-09-11T12:19:36.355+0200][gc,metaspace] Narrow klass base: 0x0000000800000000, Narrow klass shift: 0, Narrow klass range: 0x100000000
[2022-09-11T12:19:37.402+0200][gc,start    ] GC(0) Pause Young (Normal) (G1 Evacuation Pause)
[2022-09-11T12:19:37.402+0200][gc,task     ] GC(0) Using 9 workers of 9 for evacuation
[2022-09-11T12:19:37.405+0200][gc,phases   ] GC(0)   Pre Evacuate Collection Set: 0.1ms
[2022-09-11T12:19:37.405+0200][gc,phases   ] GC(0)   Merge Heap Roots: 0.0ms
[2022-09-11T12:19:37.405+0200][gc,phases   ] GC(0)   Evacuate Collection Set: 2.0ms
[2022-09-11T12:19:37.405+0200][gc,phases   ] GC(0)   Post Evacuate Collection Set: 0.2ms
[2022-09-11T12:19:37.405+0200][gc,phases   ] GC(0)   Other: 0.3ms
[2022-09-11T12:19:37.405+0200][gc,heap     ] GC(0) Eden regions: 51->0(44)
[2022-09-11T12:19:37.405+0200][gc,heap     ] GC(0) Survivor regions: 0->7(7)
[2022-09-11T12:19:37.405+0200][gc,heap     ] GC(0) Old regions: 0->1
[2022-09-11T12:19:37.405+0200][gc,heap     ] GC(0) Archive regions: 2->2
[2022-09-11T12:19:37.405+0200][gc,heap     ] GC(0) Humongous regions: 0->0
[2022-09-11T12:19:37.405+0200][gc,metaspace] GC(0) Metaspace: 18282K(18496K)->18282K(18496K) NonClass: 16079K(16192K)->16079K(16192K) Class: 2202K(2304K)->2202K(2304K)
[2022-09-11T12:19:37.405+0200][gc          ] GC(0) Pause Young (Normal) (G1 Evacuation Pause) 51M->7M(1024M) 2.670ms
[2022-09-11T12:19:37.405+0200][gc,cpu      ] GC(0) User=0.01s Sys=0.00s Real=0.00s
[2022-09-11T12:19:37.598+0200][gc,start    ] GC(1) Pause Young (Concurrent Start) (Metadata GC Threshold)
[2022-09-11T12:19:37.598+0200][gc,task     ] GC(1) Using 9 workers of 9 for evacuation
[2022-09-11T12:19:37.601+0200][gc,phases   ] GC(1)   Pre Evacuate Collection Set: 0.1ms
[2022-09-11T12:19:37.601+0200][gc,phases   ] GC(1)   Merge Heap Roots: 0.0ms
[2022-09-11T12:19:37.601+0200][gc,phases   ] GC(1)   Evacuate Collection Set: 3.0ms
[2022-09-11T12:19:37.601+0200][gc,phases   ] GC(1)   Post Evacuate Collection Set: 0.2ms
[2022-09-11T12:19:37.601+0200][gc,phases   ] GC(1)   Other: 0.1ms
[2022-09-11T12:19:37.601+0200][gc,heap     ] GC(1) Eden regions: 13->0(49)
[2022-09-11T12:19:37.601+0200][gc,heap     ] GC(1) Survivor regions: 7->2(7)
[2022-09-11T12:19:37.601+0200][gc,heap     ] GC(1) Old regions: 1->7
[2022-09-11T12:19:37.601+0200][gc,heap     ] GC(1) Archive regions: 2->2
[2022-09-11T12:19:37.601+0200][gc,heap     ] GC(1) Humongous regions: 129->129
[2022-09-11T12:19:37.601+0200][gc,metaspace] GC(1) Metaspace: 21276K(21504K)->21276K(21504K) NonClass: 18676K(18752K)->18676K(18752K) Class: 2600K(2752K)->2600K(2752K)
[2022-09-11T12:19:37.602+0200][gc          ] GC(1) Pause Young (Concurrent Start) (Metadata GC Threshold) 149M->138M(1024M) 3.546ms
[2022-09-11T12:19:37.602+0200][gc,cpu      ] GC(1) User=0.01s Sys=0.01s Real=0.01s
[2022-09-11T12:19:37.602+0200][gc          ] GC(2) Concurrent Mark Cycle
[2022-09-11T12:19:37.602+0200][gc,marking  ] GC(2) Concurrent Clear Claimed Marks
[2022-09-11T12:19:37.602+0200][gc,marking  ] GC(2) Concurrent Clear Claimed Marks 0.009ms
[2022-09-11T12:19:37.602+0200][gc,marking  ] GC(2) Concurrent Scan Root Regions
[2022-09-11T12:19:37.603+0200][gc,marking  ] GC(2) Concurrent Scan Root Regions 1.234ms
[2022-09-11T12:19:37.603+0200][gc,marking  ] GC(2) Concurrent Mark
[2022-09-11T12:19:37.603+0200][gc,marking  ] GC(2) Concurrent Mark From Roots
[2022-09-11T12:19:37.603+0200][gc,task     ] GC(2) Using 2 workers of 2 for marking
[2022-09-11T12:19:37.604+0200][gc,marking  ] GC(2) Concurrent Mark From Roots 0.753ms
[2022-09-11T12:19:37.604+0200][gc,marking  ] GC(2) Concurrent Preclean
[2022-09-11T12:19:37.604+0200][gc,marking  ] GC(2) Concurrent Preclean 0.018ms
[2022-09-11T12:19:37.604+0200][gc,start    ] GC(2) Pause Remark
[2022-09-11T12:19:37.605+0200][gc          ] GC(2) Pause Remark 139M->139M(1024M) 0.895ms
[2022-09-11T12:19:37.605+0200][gc,cpu      ] GC(2) User=0.00s Sys=0.00s Real=0.00s
[2022-09-11T12:19:37.605+0200][gc,marking  ] GC(2) Concurrent Mark 1.887ms
[2022-09-11T12:19:37.605+0200][gc,marking  ] GC(2) Concurrent Rebuild Remembered Sets
[2022-09-11T12:19:37.606+0200][gc,marking  ] GC(2) Concurrent Rebuild Remembered Sets 1.490ms
[2022-09-11T12:19:37.606+0200][gc,start    ] GC(2) Pause Cleanup
[2022-09-11T12:19:37.606+0200][gc          ] GC(2) Pause Cleanup 139M->139M(1024M) 0.102ms
[2022-09-11T12:19:37.606+0200][gc,cpu      ] GC(2) User=0.00s Sys=0.00s Real=0.00s
[2022-09-11T12:19:37.606+0200][gc,marking  ] GC(2) Concurrent Cleanup for Next Mark
[2022-09-11T12:19:37.608+0200][gc,marking  ] GC(2) Concurrent Cleanup for Next Mark 1.666ms
[2022-09-11T12:19:37.608+0200][gc          ] GC(2) Concurrent Mark Cycle 6.529ms
[2022-09-11T12:19:37.979+0200][gc,start    ] GC(3) Pause Young (Normal) (G1 Evacuation Pause)
[2022-09-11T12:19:37.979+0200][gc,task     ] GC(3) Using 9 workers of 9 for evacuation
[2022-09-11T12:19:37.980+0200][gc,phases   ] GC(3)   Pre Evacuate Collection Set: 0.1ms
[2022-09-11T12:19:37.980+0200][gc,phases   ] GC(3)   Merge Heap Roots: 0.0ms
[2022-09-11T12:19:37.980+0200][gc,phases   ] GC(3)   Evacuate Collection Set: 1.3ms
[2022-09-11T12:19:37.980+0200][gc,phases   ] GC(3)   Post Evacuate Collection Set: 0.2ms
[2022-09-11T12:19:37.980+0200][gc,phases   ] GC(3)   Other: 0.1ms
[2022-09-11T12:19:37.980+0200][gc,heap     ] GC(3) Eden regions: 49->0(45)
[2022-09-11T12:19:37.980+0200][gc,heap     ] GC(3) Survivor regions: 2->6(7)
[2022-09-11T12:19:37.980+0200][gc,heap     ] GC(3) Old regions: 7->7
[2022-09-11T12:19:37.980+0200][gc,heap     ] GC(3) Archive regions: 2->2
[2022-09-11T12:19:37.980+0200][gc,heap     ] GC(3) Humongous regions: 129->129
[2022-09-11T12:19:37.980+0200][gc,metaspace] GC(3) Metaspace: 32803K(33024K)->32803K(33024K) NonClass: 29053K(29184K)->29053K(29184K) Class: 3749K(3840K)->3749K(3840K)
[2022-09-11T12:19:37.980+0200][gc          ] GC(3) Pause Young (Normal) (G1 Evacuation Pause) 187M->142M(1024M) 1.788ms
[2022-09-11T12:19:37.980+0200][gc,cpu      ] GC(3) User=0.01s Sys=0.00s Real=0.01s
[2022-09-11T12:19:53.065+0200][gc,start    ] GC(4) Pause Young (Concurrent Start) (Metadata GC Threshold)
[2022-09-11T12:19:53.065+0200][gc,task     ] GC(4) Using 9 workers of 9 for evacuation
[2022-09-11T12:19:53.067+0200][gc,phases   ] GC(4)   Pre Evacuate Collection Set: 0.1ms
[2022-09-11T12:19:53.067+0200][gc,phases   ] GC(4)   Merge Heap Roots: 0.0ms
[2022-09-11T12:19:53.067+0200][gc,phases   ] GC(4)   Evacuate Collection Set: 2.2ms
[2022-09-11T12:19:53.067+0200][gc,phases   ] GC(4)   Post Evacuate Collection Set: 0.2ms
[2022-09-11T12:19:53.067+0200][gc,phases   ] GC(4)   Other: 0.1ms
[2022-09-11T12:19:53.067+0200][gc,heap     ] GC(4) Eden regions: 15->0(49)
[2022-09-11T12:19:53.067+0200][gc,heap     ] GC(4) Survivor regions: 6->2(7)
[2022-09-11T12:19:53.067+0200][gc,heap     ] GC(4) Old regions: 7->13
[2022-09-11T12:19:53.067+0200][gc,heap     ] GC(4) Archive regions: 2->2
[2022-09-11T12:19:53.067+0200][gc,heap     ] GC(4) Humongous regions: 129->129
[2022-09-11T12:19:53.067+0200][gc,metaspace] GC(4) Metaspace: 35620K(35968K)->35620K(35968K) NonClass: 31369K(31552K)->31369K(31552K) Class: 4250K(4416K)->4250K(4416K)
[2022-09-11T12:19:53.067+0200][gc          ] GC(4) Pause Young (Concurrent Start) (Metadata GC Threshold) 156M->143M(1024M) 2.727ms
[2022-09-11T12:19:53.067+0200][gc,cpu      ] GC(4) User=0.02s Sys=0.00s Real=0.00s
[2022-09-11T12:19:53.067+0200][gc          ] GC(5) Concurrent Mark Cycle
[2022-09-11T12:19:53.067+0200][gc,marking  ] GC(5) Concurrent Clear Claimed Marks
[2022-09-11T12:19:53.067+0200][gc,marking  ] GC(5) Concurrent Clear Claimed Marks 0.013ms
[2022-09-11T12:19:53.067+0200][gc,marking  ] GC(5) Concurrent Scan Root Regions
[2022-09-11T12:19:53.069+0200][gc,marking  ] GC(5) Concurrent Scan Root Regions 1.419ms
[2022-09-11T12:19:53.069+0200][gc,marking  ] GC(5) Concurrent Mark
[2022-09-11T12:19:53.069+0200][gc,marking  ] GC(5) Concurrent Mark From Roots
[2022-09-11T12:19:53.069+0200][gc,task     ] GC(5) Using 2 workers of 2 for marking
[2022-09-11T12:19:53.071+0200][gc,marking  ] GC(5) Concurrent Mark From Roots 2.676ms
[2022-09-11T12:19:53.071+0200][gc,marking  ] GC(5) Concurrent Preclean
[2022-09-11T12:19:53.072+0200][gc,marking  ] GC(5) Concurrent Preclean 0.032ms
[2022-09-11T12:19:53.072+0200][gc,start    ] GC(5) Pause Remark
[2022-09-11T12:19:53.072+0200][gc          ] GC(5) Pause Remark 143M->143M(1024M) 0.872ms
[2022-09-11T12:19:53.072+0200][gc,cpu      ] GC(5) User=0.00s Sys=0.00s Real=0.00s
[2022-09-11T12:19:53.072+0200][gc,marking  ] GC(5) Concurrent Mark 3.714ms
[2022-09-11T12:19:53.072+0200][gc,marking  ] GC(5) Concurrent Rebuild Remembered Sets
[2022-09-11T12:19:53.076+0200][gc,marking  ] GC(5) Concurrent Rebuild Remembered Sets 3.172ms
[2022-09-11T12:19:53.076+0200][gc,start    ] GC(5) Pause Cleanup
[2022-09-11T12:19:53.076+0200][gc          ] GC(5) Pause Cleanup 144M->144M(1024M) 0.107ms
[2022-09-11T12:19:53.076+0200][gc,cpu      ] GC(5) User=0.00s Sys=0.00s Real=0.00s
[2022-09-11T12:19:53.076+0200][gc,marking  ] GC(5) Concurrent Cleanup for Next Mark
[2022-09-11T12:19:53.077+0200][gc,marking  ] GC(5) Concurrent Cleanup for Next Mark 1.351ms
[2022-09-11T12:19:53.077+0200][gc          ] GC(5) Concurrent Mark Cycle 10.075ms
[2022-09-11T12:34:08.147+0200][gc,start    ] GC(6) Pause Young (Normal) (G1 Evacuation Pause)
[2022-09-11T12:34:08.147+0200][gc,task     ] GC(6) Using 9 workers of 9 for evacuation
[2022-09-11T12:34:08.154+0200][gc,phases   ] GC(6)   Pre Evacuate Collection Set: 0.4ms
[2022-09-11T12:34:08.154+0200][gc,phases   ] GC(6)   Merge Heap Roots: 0.2ms
[2022-09-11T12:34:08.154+0200][gc,phases   ] GC(6)   Evacuate Collection Set: 5.6ms
[2022-09-11T12:34:08.154+0200][gc,phases   ] GC(6)   Post Evacuate Collection Set: 0.7ms
[2022-09-11T12:34:08.154+0200][gc,phases   ] GC(6)   Other: 0.6ms
[2022-09-11T12:34:08.154+0200][gc,heap     ] GC(6) Eden regions: 49->0(47)
[2022-09-11T12:34:08.154+0200][gc,heap     ] GC(6) Survivor regions: 2->4(7)
[2022-09-11T12:34:08.154+0200][gc,heap     ] GC(6) Old regions: 13->13
[2022-09-11T12:34:08.154+0200][gc,heap     ] GC(6) Archive regions: 2->2
[2022-09-11T12:34:08.154+0200][gc,heap     ] GC(6) Humongous regions: 129->129
[2022-09-11T12:34:08.154+0200][gc,metaspace] GC(6) Metaspace: 40476K(41024K)->40476K(41024K) NonClass: 35510K(35840K)->35510K(35840K) Class: 4965K(5184K)->4965K(5184K)
[2022-09-11T12:34:08.154+0200][gc          ] GC(6) Pause Young (Normal) (G1 Evacuation Pause) 192M->145M(1024M) 7.806ms
[2022-09-11T12:34:08.154+0200][gc,cpu      ] GC(6) User=0.02s Sys=0.00s Real=0.01s
[2022-09-11T12:35:32.988+0200][gc,start    ] GC(7) Pause Young (Normal) (G1 Evacuation Pause)
[2022-09-11T12:35:32.988+0200][gc,task     ] GC(7) Using 9 workers of 9 for evacuation
[2022-09-11T12:35:32.991+0200][gc,phases   ] GC(7)   Pre Evacuate Collection Set: 0.1ms
[2022-09-11T12:35:32.991+0200][gc,phases   ] GC(7)   Merge Heap Roots: 0.1ms
[2022-09-11T12:35:32.991+0200][gc,phases   ] GC(7)   Evacuate Collection Set: 2.0ms
[2022-09-11T12:35:32.991+0200][gc,phases   ] GC(7)   Post Evacuate Collection Set: 0.3ms
[2022-09-11T12:35:32.991+0200][gc,phases   ] GC(7)   Other: 0.1ms
[2022-09-11T12:35:32.991+0200][gc,heap     ] GC(7) Eden regions: 47->0(46)
[2022-09-11T12:35:32.991+0200][gc,heap     ] GC(7) Survivor regions: 4->5(7)
[2022-09-11T12:35:32.991+0200][gc,heap     ] GC(7) Old regions: 13->13
[2022-09-11T12:35:32.991+0200][gc,heap     ] GC(7) Archive regions: 2->2
[2022-09-11T12:35:32.991+0200][gc,heap     ] GC(7) Humongous regions: 129->129
[2022-09-11T12:35:32.991+0200][gc,metaspace] GC(7) Metaspace: 41430K(41984K)->41430K(41984K) NonClass: 36451K(36800K)->36451K(36800K) Class: 4979K(5184K)->4979K(5184K)
[2022-09-11T12:35:32.991+0200][gc          ] GC(7) Pause Young (Normal) (G1 Evacuation Pause) 192M->146M(1024M) 2.652ms
[2022-09-11T12:35:32.991+0200][gc,cpu      ] GC(7) User=0.01s Sys=0.00s Real=0.01s
[2022-09-11T12:35:33.271+0200][gc,start    ] GC(8) Pause Young (Normal) (G1 Evacuation Pause)
[2022-09-11T12:35:33.271+0200][gc,task     ] GC(8) Using 9 workers of 9 for evacuation
[2022-09-11T12:35:33.273+0200][gc,phases   ] GC(8)   Pre Evacuate Collection Set: 0.2ms
[2022-09-11T12:35:33.273+0200][gc,phases   ] GC(8)   Merge Heap Roots: 0.0ms
[2022-09-11T12:35:33.273+0200][gc,phases   ] GC(8)   Evacuate Collection Set: 1.7ms
[2022-09-11T12:35:33.273+0200][gc,phases   ] GC(8)   Post Evacuate Collection Set: 0.4ms
[2022-09-11T12:35:33.273+0200][gc,phases   ] GC(8)   Other: 0.1ms
[2022-09-11T12:35:33.273+0200][gc,heap     ] GC(8) Eden regions: 46->0(54)
[2022-09-11T12:35:33.273+0200][gc,heap     ] GC(8) Survivor regions: 5->4(7)
[2022-09-11T12:35:33.273+0200][gc,heap     ] GC(8) Old regions: 13->14
[2022-09-11T12:35:33.273+0200][gc,heap     ] GC(8) Archive regions: 2->2
[2022-09-11T12:35:33.273+0200][gc,heap     ] GC(8) Humongous regions: 129->129
[2022-09-11T12:35:33.274+0200][gc,metaspace] GC(8) Metaspace: 41488K(42048K)->41488K(42048K) NonClass: 36509K(36864K)->36509K(36864K) Class: 4979K(5184K)->4979K(5184K)
[2022-09-11T12:35:33.274+0200][gc          ] GC(8) Pause Young (Normal) (G1 Evacuation Pause) 192M->146M(1024M) 2.540ms
[2022-09-11T12:35:33.274+0200][gc,cpu      ] GC(8) User=0.01s Sys=0.00s Real=0.00s
[2022-09-11T12:35:33.539+0200][gc,start    ] GC(9) Pause Young (Normal) (G1 Evacuation Pause)
[2022-09-11T12:35:33.540+0200][gc,task     ] GC(9) Using 9 workers of 9 for evacuation
[2022-09-11T12:35:33.542+0200][gc,phases   ] GC(9)   Pre Evacuate Collection Set: 0.2ms
[2022-09-11T12:35:33.542+0200][gc,phases   ] GC(9)   Merge Heap Roots: 0.1ms
[2022-09-11T12:35:33.542+0200][gc,phases   ] GC(9)   Evacuate Collection Set: 1.4ms
[2022-09-11T12:35:33.542+0200][gc,phases   ] GC(9)   Post Evacuate Collection Set: 0.4ms
[2022-09-11T12:35:33.542+0200][gc,phases   ] GC(9)   Other: 0.1ms
[2022-09-11T12:35:33.542+0200][gc,heap     ] GC(9) Eden regions: 54->0(246)
[2022-09-11T12:35:33.542+0200][gc,heap     ] GC(9) Survivor regions: 4->4(8)
[2022-09-11T12:35:33.542+0200][gc,heap     ] GC(9) Old regions: 14->14
[2022-09-11T12:35:33.542+0200][gc,heap     ] GC(9) Archive regions: 2->2
[2022-09-11T12:35:33.542+0200][gc,heap     ] GC(9) Humongous regions: 129->129
[2022-09-11T12:35:33.542+0200][gc,metaspace] GC(9) Metaspace: 41489K(42048K)->41489K(42048K) NonClass: 36510K(36864K)->36510K(36864K) Class: 4979K(5184K)->4979K(5184K)
[2022-09-11T12:35:33.542+0200][gc          ] GC(9) Pause Young (Normal) (G1 Evacuation Pause) 200M->146M(1024M) 2.221ms
[2022-09-11T12:35:33.542+0200][gc,cpu      ] GC(9) User=0.01s Sys=0.00s Real=0.01s
[2022-09-11T12:35:34.686+0200][gc,start    ] GC(10) Pause Young (Normal) (G1 Evacuation Pause)
[2022-09-11T12:35:34.686+0200][gc,task     ] GC(10) Using 9 workers of 9 for evacuation
[2022-09-11T12:35:34.688+0200][gc,phases   ] GC(10)   Pre Evacuate Collection Set: 0.1ms
[2022-09-11T12:35:34.688+0200][gc,phases   ] GC(10)   Merge Heap Roots: 0.1ms
[2022-09-11T12:35:34.688+0200][gc,phases   ] GC(10)   Evacuate Collection Set: 1.6ms
[2022-09-11T12:35:34.688+0200][gc,phases   ] GC(10)   Post Evacuate Collection Set: 0.4ms
[2022-09-11T12:35:34.688+0200][gc,phases   ] GC(10)   Other: 0.1ms
[2022-09-11T12:35:34.688+0200][gc,heap     ] GC(10) Eden regions: 246->0(482)
[2022-09-11T12:35:34.688+0200][gc,heap     ] GC(10) Survivor regions: 4->4(32)
[2022-09-11T12:35:34.688+0200][gc,heap     ] GC(10) Old regions: 14->14
[2022-09-11T12:35:34.688+0200][gc,heap     ] GC(10) Archive regions: 2->2
[2022-09-11T12:35:34.688+0200][gc,heap     ] GC(10) Humongous regions: 129->129
[2022-09-11T12:35:34.688+0200][gc,metaspace] GC(10) Metaspace: 41495K(42048K)->41495K(42048K) NonClass: 36515K(36864K)->36515K(36864K) Class: 4979K(5184K)->4979K(5184K)
[2022-09-11T12:35:34.688+0200][gc          ] GC(10) Pause Young (Normal) (G1 Evacuation Pause) 392M->146M(1024M) 2.370ms
[2022-09-11T12:35:34.688+0200][gc,cpu      ] GC(10) User=0.01s Sys=0.00s Real=0.00s
[2022-09-11T12:35:36.425+0200][gc,start    ] GC(11) Pause Young (Normal) (G1 Evacuation Pause)
[2022-09-11T12:35:36.425+0200][gc,task     ] GC(11) Using 9 workers of 9 for evacuation
[2022-09-11T12:35:36.428+0200][gc,phases   ] GC(11)   Pre Evacuate Collection Set: 0.2ms
[2022-09-11T12:35:36.428+0200][gc,phases   ] GC(11)   Merge Heap Roots: 0.1ms
[2022-09-11T12:35:36.428+0200][gc,phases   ] GC(11)   Evacuate Collection Set: 2.1ms
[2022-09-11T12:35:36.428+0200][gc,phases   ] GC(11)   Post Evacuate Collection Set: 0.6ms
[2022-09-11T12:35:36.428+0200][gc,phases   ] GC(11)   Other: 0.1ms
[2022-09-11T12:35:36.428+0200][gc,heap     ] GC(11) Eden regions: 482->0(610)
[2022-09-11T12:35:36.428+0200][gc,heap     ] GC(11) Survivor regions: 4->4(61)
[2022-09-11T12:35:36.428+0200][gc,heap     ] GC(11) Old regions: 14->14
[2022-09-11T12:35:36.428+0200][gc,heap     ] GC(11) Archive regions: 2->2
[2022-09-11T12:35:36.428+0200][gc,heap     ] GC(11) Humongous regions: 129->129
[2022-09-11T12:35:36.428+0200][gc,metaspace] GC(11) Metaspace: 41519K(42048K)->41519K(42048K) NonClass: 36539K(36864K)->36539K(36864K) Class: 4979K(5184K)->4979K(5184K)
[2022-09-11T12:35:36.428+0200][gc          ] GC(11) Pause Young (Normal) (G1 Evacuation Pause) 628M->146M(1024M) 3.142ms
[2022-09-11T12:35:36.428+0200][gc,cpu      ] GC(11) User=0.01s Sys=0.01s Real=0.00s
[2022-09-11T12:35:38.455+0200][gc,start    ] GC(12) Pause Young (Normal) (G1 Evacuation Pause)
[2022-09-11T12:35:38.455+0200][gc,task     ] GC(12) Using 9 workers of 9 for evacuation
[2022-09-11T12:35:38.459+0200][gc,phases   ] GC(12)   Pre Evacuate Collection Set: 0.2ms
[2022-09-11T12:35:38.459+0200][gc,phases   ] GC(12)   Merge Heap Roots: 0.1ms
[2022-09-11T12:35:38.459+0200][gc,phases   ] GC(12)   Evacuate Collection Set: 1.5ms
[2022-09-11T12:35:38.459+0200][gc,phases   ] GC(12)   Post Evacuate Collection Set: 2.1ms
[2022-09-11T12:35:38.459+0200][gc,phases   ] GC(12)   Other: 0.1ms
[2022-09-11T12:35:38.459+0200][gc,heap     ] GC(12) Eden regions: 610->0(610)
[2022-09-11T12:35:38.459+0200][gc,heap     ] GC(12) Survivor regions: 4->4(77)
[2022-09-11T12:35:38.459+0200][gc,heap     ] GC(12) Old regions: 14->14
[2022-09-11T12:35:38.459+0200][gc,heap     ] GC(12) Archive regions: 2->2
[2022-09-11T12:35:38.459+0200][gc,heap     ] GC(12) Humongous regions: 129->129
[2022-09-11T12:35:38.459+0200][gc,metaspace] GC(12) Metaspace: 41527K(42048K)->41527K(42048K) NonClass: 36547K(36864K)->36547K(36864K) Class: 4979K(5184K)->4979K(5184K)
[2022-09-11T12:35:38.459+0200][gc          ] GC(12) Pause Young (Normal) (G1 Evacuation Pause) 756M->146M(1024M) 3.996ms
[2022-09-11T12:35:38.459+0200][gc,cpu      ] GC(12) User=0.01s Sys=0.00s Real=0.00s
[2022-09-11T12:35:40.458+0200][gc,start    ] GC(13) Pause Young (Normal) (G1 Evacuation Pause)
[2022-09-11T12:35:40.458+0200][gc,task     ] GC(13) Using 9 workers of 9 for evacuation
[2022-09-11T12:35:40.461+0200][gc,phases   ] GC(13)   Pre Evacuate Collection Set: 0.1ms
[2022-09-11T12:35:40.461+0200][gc,phases   ] GC(13)   Merge Heap Roots: 0.1ms
[2022-09-11T12:35:40.461+0200][gc,phases   ] GC(13)   Evacuate Collection Set: 1.7ms
[2022-09-11T12:35:40.461+0200][gc,phases   ] GC(13)   Post Evacuate Collection Set: 0.5ms
[2022-09-11T12:35:40.461+0200][gc,phases   ] GC(13)   Other: 0.5ms
[2022-09-11T12:35:40.461+0200][gc,heap     ] GC(13) Eden regions: 610->0(610)
[2022-09-11T12:35:40.461+0200][gc,heap     ] GC(13) Survivor regions: 4->4(77)
[2022-09-11T12:35:40.461+0200][gc,heap     ] GC(13) Old regions: 14->14
[2022-09-11T12:35:40.461+0200][gc,heap     ] GC(13) Archive regions: 2->2
[2022-09-11T12:35:40.461+0200][gc,heap     ] GC(13) Humongous regions: 129->129
[2022-09-11T12:35:40.461+0200][gc,metaspace] GC(13) Metaspace: 41530K(42048K)->41530K(42048K) NonClass: 36551K(36864K)->36551K(36864K) Class: 4979K(5184K)->4979K(5184K)
[2022-09-11T12:35:40.461+0200][gc          ] GC(13) Pause Young (Normal) (G1 Evacuation Pause) 756M->146M(1024M) 3.007ms
[2022-09-11T12:35:40.461+0200][gc,cpu      ] GC(13) User=0.01s Sys=0.00s Real=0.01s
[2022-09-11T12:35:42.462+0200][gc,start    ] GC(14) Pause Young (Normal) (G1 Evacuation Pause)
[2022-09-11T12:35:42.462+0200][gc,task     ] GC(14) Using 9 workers of 9 for evacuation
[2022-09-11T12:35:42.465+0200][gc,phases   ] GC(14)   Pre Evacuate Collection Set: 0.1ms
[2022-09-11T12:35:42.465+0200][gc,phases   ] GC(14)   Merge Heap Roots: 0.1ms
[2022-09-11T12:35:42.465+0200][gc,phases   ] GC(14)   Evacuate Collection Set: 2.0ms
[2022-09-11T12:35:42.465+0200][gc,phases   ] GC(14)   Post Evacuate Collection Set: 0.6ms
[2022-09-11T12:35:42.465+0200][gc,phases   ] GC(14)   Other: 0.1ms
[2022-09-11T12:35:42.465+0200][gc,heap     ] GC(14) Eden regions: 610->0(610)
[2022-09-11T12:35:42.465+0200][gc,heap     ] GC(14) Survivor regions: 4->4(77)
[2022-09-11T12:35:42.465+0200][gc,heap     ] GC(14) Old regions: 14->14
[2022-09-11T12:35:42.465+0200][gc,heap     ] GC(14) Archive regions: 2->2
[2022-09-11T12:35:42.465+0200][gc,heap     ] GC(14) Humongous regions: 129->129
[2022-09-11T12:35:42.465+0200][gc,metaspace] GC(14) Metaspace: 41531K(42048K)->41531K(42048K) NonClass: 36551K(36864K)->36551K(36864K) Class: 4979K(5184K)->4979K(5184K)
[2022-09-11T12:35:42.465+0200][gc          ] GC(14) Pause Young (Normal) (G1 Evacuation Pause) 756M->146M(1024M) 2.909ms
[2022-09-11T12:35:42.465+0200][gc,cpu      ] GC(14) User=0.01s Sys=0.00s Real=0.00s
[2022-09-11T12:35:44.556+0200][gc,start    ] GC(15) Pause Young (Normal) (G1 Evacuation Pause)
[2022-09-11T12:35:44.556+0200][gc,task     ] GC(15) Using 9 workers of 9 for evacuation
[2022-09-11T12:35:44.559+0200][gc,phases   ] GC(15)   Pre Evacuate Collection Set: 0.1ms
[2022-09-11T12:35:44.559+0200][gc,phases   ] GC(15)   Merge Heap Roots: 0.1ms
[2022-09-11T12:35:44.559+0200][gc,phases   ] GC(15)   Evacuate Collection Set: 1.6ms
[2022-09-11T12:35:44.559+0200][gc,phases   ] GC(15)   Post Evacuate Collection Set: 0.5ms
[2022-09-11T12:35:44.559+0200][gc,phases   ] GC(15)   Other: 0.1ms
[2022-09-11T12:35:44.559+0200][gc,heap     ] GC(15) Eden regions: 610->0(610)
[2022-09-11T12:35:44.559+0200][gc,heap     ] GC(15) Survivor regions: 4->4(77)
[2022-09-11T12:35:44.559+0200][gc,heap     ] GC(15) Old regions: 14->14
[2022-09-11T12:35:44.559+0200][gc,heap     ] GC(15) Archive regions: 2->2
[2022-09-11T12:35:44.559+0200][gc,heap     ] GC(15) Humongous regions: 129->129
[2022-09-11T12:35:44.559+0200][gc,metaspace] GC(15) Metaspace: 41564K(42048K)->41564K(42048K) NonClass: 36585K(36864K)->36585K(36864K) Class: 4979K(5184K)->4979K(5184K)
[2022-09-11T12:35:44.559+0200][gc          ] GC(15) Pause Young (Normal) (G1 Evacuation Pause) 756M->146M(1024M) 2.468ms
[2022-09-11T12:35:44.559+0200][gc,cpu      ] GC(15) User=0.01s Sys=0.00s Real=0.00s
[2022-09-11T12:35:46.546+0200][gc,start    ] GC(16) Pause Young (Normal) (G1 Evacuation Pause)
[2022-09-11T12:35:46.547+0200][gc,task     ] GC(16) Using 9 workers of 9 for evacuation
[2022-09-11T12:35:46.549+0200][gc,phases   ] GC(16)   Pre Evacuate Collection Set: 0.1ms
[2022-09-11T12:35:46.549+0200][gc,phases   ] GC(16)   Merge Heap Roots: 0.1ms
[2022-09-11T12:35:46.549+0200][gc,phases   ] GC(16)   Evacuate Collection Set: 1.8ms
[2022-09-11T12:35:46.549+0200][gc,phases   ] GC(16)   Post Evacuate Collection Set: 0.6ms
[2022-09-11T12:35:46.549+0200][gc,phases   ] GC(16)   Other: 0.5ms
[2022-09-11T12:35:46.549+0200][gc,heap     ] GC(16) Eden regions: 610->0(609)
[2022-09-11T12:35:46.549+0200][gc,heap     ] GC(16) Survivor regions: 4->5(77)
[2022-09-11T12:35:46.549+0200][gc,heap     ] GC(16) Old regions: 14->14
[2022-09-11T12:35:46.549+0200][gc,heap     ] GC(16) Archive regions: 2->2
[2022-09-11T12:35:46.549+0200][gc,heap     ] GC(16) Humongous regions: 129->129
[2022-09-11T12:35:46.549+0200][gc,metaspace] GC(16) Metaspace: 41715K(42240K)->41715K(42240K) NonClass: 36736K(37056K)->36736K(37056K) Class: 4979K(5184K)->4979K(5184K)
[2022-09-11T12:35:46.549+0200][gc          ] GC(16) Pause Young (Normal) (G1 Evacuation Pause) 756M->147M(1024M) 3.162ms
[2022-09-11T12:35:46.549+0200][gc,cpu      ] GC(16) User=0.01s Sys=0.00s Real=0.00s
[2022-09-11T12:35:48.513+0200][gc,start    ] GC(17) Pause Young (Normal) (G1 Evacuation Pause)
[2022-09-11T12:35:48.513+0200][gc,task     ] GC(17) Using 9 workers of 9 for evacuation
[2022-09-11T12:35:48.516+0200][gc,phases   ] GC(17)   Pre Evacuate Collection Set: 0.1ms
[2022-09-11T12:35:48.516+0200][gc,phases   ] GC(17)   Merge Heap Roots: 0.1ms
[2022-09-11T12:35:48.516+0200][gc,phases   ] GC(17)   Evacuate Collection Set: 1.7ms
[2022-09-11T12:35:48.516+0200][gc,phases   ] GC(17)   Post Evacuate Collection Set: 0.6ms
[2022-09-11T12:35:48.516+0200][gc,phases   ] GC(17)   Other: 0.1ms
[2022-09-11T12:35:48.516+0200][gc,heap     ] GC(17) Eden regions: 609->0(609)
[2022-09-11T12:35:48.516+0200][gc,heap     ] GC(17) Survivor regions: 5->5(77)
[2022-09-11T12:35:48.516+0200][gc,heap     ] GC(17) Old regions: 14->14
[2022-09-11T12:35:48.516+0200][gc,heap     ] GC(17) Archive regions: 2->2
[2022-09-11T12:35:48.516+0200][gc,heap     ] GC(17) Humongous regions: 129->129
[2022-09-11T12:35:48.516+0200][gc,metaspace] GC(17) Metaspace: 41730K(42240K)->41730K(42240K) NonClass: 36750K(37056K)->36750K(37056K) Class: 4979K(5184K)->4979K(5184K)
[2022-09-11T12:35:48.516+0200][gc          ] GC(17) Pause Young (Normal) (G1 Evacuation Pause) 756M->147M(1024M) 2.665ms
[2022-09-11T12:35:48.516+0200][gc,cpu      ] GC(17) User=0.02s Sys=0.00s Real=0.00s
[2022-09-11T12:35:50.501+0200][gc,start    ] GC(18) Pause Young (Normal) (G1 Evacuation Pause)
[2022-09-11T12:35:50.501+0200][gc,task     ] GC(18) Using 9 workers of 9 for evacuation
[2022-09-11T12:35:50.504+0200][gc,phases   ] GC(18)   Pre Evacuate Collection Set: 0.1ms
[2022-09-11T12:35:50.504+0200][gc,phases   ] GC(18)   Merge Heap Roots: 0.1ms
[2022-09-11T12:35:50.504+0200][gc,phases   ] GC(18)   Evacuate Collection Set: 1.9ms
[2022-09-11T12:35:50.504+0200][gc,phases   ] GC(18)   Post Evacuate Collection Set: 0.5ms
[2022-09-11T12:35:50.504+0200][gc,phases   ] GC(18)   Other: 0.1ms
[2022-09-11T12:35:50.504+0200][gc,heap     ] GC(18) Eden regions: 609->0(609)
[2022-09-11T12:35:50.504+0200][gc,heap     ] GC(18) Survivor regions: 5->5(77)
[2022-09-11T12:35:50.504+0200][gc,heap     ] GC(18) Old regions: 14->14
[2022-09-11T12:35:50.504+0200][gc,heap     ] GC(18) Archive regions: 2->2
[2022-09-11T12:35:50.504+0200][gc,heap     ] GC(18) Humongous regions: 129->129
[2022-09-11T12:35:50.504+0200][gc,metaspace] GC(18) Metaspace: 41731K(42240K)->41731K(42240K) NonClass: 36751K(37056K)->36751K(37056K) Class: 4979K(5184K)->4979K(5184K)
[2022-09-11T12:35:50.504+0200][gc          ] GC(18) Pause Young (Normal) (G1 Evacuation Pause) 756M->147M(1024M) 2.860ms
[2022-09-11T12:35:50.504+0200][gc,cpu      ] GC(18) User=0.01s Sys=0.00s Real=0.00s
[2022-09-11T12:35:52.341+0200][gc,start    ] GC(19) Pause Young (Normal) (G1 Evacuation Pause)
[2022-09-11T12:35:52.341+0200][gc,task     ] GC(19) Using 9 workers of 9 for evacuation
[2022-09-11T12:35:52.344+0200][gc,phases   ] GC(19)   Pre Evacuate Collection Set: 0.1ms
[2022-09-11T12:35:52.344+0200][gc,phases   ] GC(19)   Merge Heap Roots: 0.1ms
[2022-09-11T12:35:52.344+0200][gc,phases   ] GC(19)   Evacuate Collection Set: 2.0ms
[2022-09-11T12:35:52.344+0200][gc,phases   ] GC(19)   Post Evacuate Collection Set: 0.5ms
[2022-09-11T12:35:52.344+0200][gc,phases   ] GC(19)   Other: 0.1ms
[2022-09-11T12:35:52.344+0200][gc,heap     ] GC(19) Eden regions: 609->0(609)
[2022-09-11T12:35:52.344+0200][gc,heap     ] GC(19) Survivor regions: 5->5(77)
[2022-09-11T12:35:52.344+0200][gc,heap     ] GC(19) Old regions: 14->14
[2022-09-11T12:35:52.344+0200][gc,heap     ] GC(19) Archive regions: 2->2
[2022-09-11T12:35:52.344+0200][gc,heap     ] GC(19) Humongous regions: 129->129
[2022-09-11T12:35:52.344+0200][gc,metaspace] GC(19) Metaspace: 41741K(42240K)->41741K(42240K) NonClass: 36762K(37056K)->36762K(37056K) Class: 4979K(5184K)->4979K(5184K)
[2022-09-11T12:35:52.344+0200][gc          ] GC(19) Pause Young (Normal) (G1 Evacuation Pause) 756M->147M(1024M) 2.823ms
[2022-09-11T12:35:52.344+0200][gc,cpu      ] GC(19) User=0.01s Sys=0.00s Real=0.00s
[2022-09-11T12:35:54.233+0200][gc,start    ] GC(20) Pause Young (Normal) (G1 Evacuation Pause)
[2022-09-11T12:35:54.233+0200][gc,task     ] GC(20) Using 9 workers of 9 for evacuation
[2022-09-11T12:35:54.236+0200][gc,phases   ] GC(20)   Pre Evacuate Collection Set: 0.2ms
[2022-09-11T12:35:54.236+0200][gc,phases   ] GC(20)   Merge Heap Roots: 0.1ms
[2022-09-11T12:35:54.236+0200][gc,phases   ] GC(20)   Evacuate Collection Set: 1.8ms
[2022-09-11T12:35:54.236+0200][gc,phases   ] GC(20)   Post Evacuate Collection Set: 0.6ms
[2022-09-11T12:35:54.236+0200][gc,phases   ] GC(20)   Other: 0.1ms
[2022-09-11T12:35:54.236+0200][gc,heap     ] GC(20) Eden regions: 609->0(609)
[2022-09-11T12:35:54.236+0200][gc,heap     ] GC(20) Survivor regions: 5->5(77)
[2022-09-11T12:35:54.236+0200][gc,heap     ] GC(20) Old regions: 14->14
[2022-09-11T12:35:54.236+0200][gc,heap     ] GC(20) Archive regions: 2->2
[2022-09-11T12:35:54.236+0200][gc,heap     ] GC(20) Humongous regions: 129->129
[2022-09-11T12:35:54.236+0200][gc,metaspace] GC(20) Metaspace: 41754K(42240K)->41754K(42240K) NonClass: 36775K(37056K)->36775K(37056K) Class: 4979K(5184K)->4979K(5184K)
[2022-09-11T12:35:54.236+0200][gc          ] GC(20) Pause Young (Normal) (G1 Evacuation Pause) 756M->147M(1024M) 2.764ms
[2022-09-11T12:35:54.236+0200][gc,cpu      ] GC(20) User=0.01s Sys=0.00s Real=0.00s
[2022-09-11T12:35:56.104+0200][gc,start    ] GC(21) Pause Young (Normal) (G1 Evacuation Pause)
[2022-09-11T12:35:56.104+0200][gc,task     ] GC(21) Using 9 workers of 9 for evacuation
[2022-09-11T12:35:56.107+0200][gc,phases   ] GC(21)   Pre Evacuate Collection Set: 0.2ms
[2022-09-11T12:35:56.107+0200][gc,phases   ] GC(21)   Merge Heap Roots: 0.0ms
[2022-09-11T12:35:56.107+0200][gc,phases   ] GC(21)   Evacuate Collection Set: 2.2ms
[2022-09-11T12:35:56.107+0200][gc,phases   ] GC(21)   Post Evacuate Collection Set: 0.3ms
[2022-09-11T12:35:56.107+0200][gc,phases   ] GC(21)   Other: 0.1ms
[2022-09-11T12:35:56.107+0200][gc,heap     ] GC(21) Eden regions: 609->0(611)
[2022-09-11T12:35:56.107+0200][gc,heap     ] GC(21) Survivor regions: 5->3(77)
[2022-09-11T12:35:56.107+0200][gc,heap     ] GC(21) Old regions: 14->16
[2022-09-11T12:35:56.107+0200][gc,heap     ] GC(21) Archive regions: 2->2
[2022-09-11T12:35:56.107+0200][gc,heap     ] GC(21) Humongous regions: 129->129
[2022-09-11T12:35:56.107+0200][gc,metaspace] GC(21) Metaspace: 41755K(42240K)->41755K(42240K) NonClass: 36775K(37056K)->36775K(37056K) Class: 4979K(5184K)->4979K(5184K)
[2022-09-11T12:35:56.107+0200][gc          ] GC(21) Pause Young (Normal) (G1 Evacuation Pause) 756M->147M(1024M) 2.885ms
[2022-09-11T12:35:56.107+0200][gc,cpu      ] GC(21) User=0.02s Sys=0.00s Real=0.00s
[2022-09-11T12:35:57.969+0200][gc,start    ] GC(22) Pause Young (Normal) (G1 Evacuation Pause)
[2022-09-11T12:35:57.969+0200][gc,task     ] GC(22) Using 9 workers of 9 for evacuation
[2022-09-11T12:35:57.970+0200][gc,phases   ] GC(22)   Pre Evacuate Collection Set: 0.1ms
[2022-09-11T12:35:57.970+0200][gc,phases   ] GC(22)   Merge Heap Roots: 0.1ms
[2022-09-11T12:35:57.970+0200][gc,phases   ] GC(22)   Evacuate Collection Set: 0.8ms
[2022-09-11T12:35:57.970+0200][gc,phases   ] GC(22)   Post Evacuate Collection Set: 0.4ms
[2022-09-11T12:35:57.970+0200][gc,phases   ] GC(22)   Other: 0.1ms
[2022-09-11T12:35:57.970+0200][gc,heap     ] GC(22) Eden regions: 611->0(612)
[2022-09-11T12:35:57.970+0200][gc,heap     ] GC(22) Survivor regions: 3->2(77)
[2022-09-11T12:35:57.970+0200][gc,heap     ] GC(22) Old regions: 16->16
[2022-09-11T12:35:57.970+0200][gc,heap     ] GC(22) Archive regions: 2->2
[2022-09-11T12:35:57.970+0200][gc,heap     ] GC(22) Humongous regions: 129->129
[2022-09-11T12:35:57.970+0200][gc,metaspace] GC(22) Metaspace: 41763K(42240K)->41763K(42240K) NonClass: 36780K(37056K)->36780K(37056K) Class: 4982K(5184K)->4982K(5184K)
[2022-09-11T12:35:57.970+0200][gc          ] GC(22) Pause Young (Normal) (G1 Evacuation Pause) 758M->147M(1024M) 1.525ms
[2022-09-11T12:35:57.970+0200][gc,cpu      ] GC(22) User=0.01s Sys=0.01s Real=0.01s
[2022-09-11T12:35:59.845+0200][gc,start    ] GC(23) Pause Young (Normal) (G1 Evacuation Pause)
[2022-09-11T12:35:59.845+0200][gc,task     ] GC(23) Using 9 workers of 9 for evacuation
[2022-09-11T12:35:59.847+0200][gc,phases   ] GC(23)   Pre Evacuate Collection Set: 0.1ms
[2022-09-11T12:35:59.847+0200][gc,phases   ] GC(23)   Merge Heap Roots: 0.1ms
[2022-09-11T12:35:59.847+0200][gc,phases   ] GC(23)   Evacuate Collection Set: 0.7ms
[2022-09-11T12:35:59.847+0200][gc,phases   ] GC(23)   Post Evacuate Collection Set: 0.4ms
[2022-09-11T12:35:59.847+0200][gc,phases   ] GC(23)   Other: 1.0ms
[2022-09-11T12:35:59.847+0200][gc,heap     ] GC(23) Eden regions: 612->0(611)
[2022-09-11T12:35:59.847+0200][gc,heap     ] GC(23) Survivor regions: 2->3(77)
[2022-09-11T12:35:59.847+0200][gc,heap     ] GC(23) Old regions: 16->16
[2022-09-11T12:35:59.847+0200][gc,heap     ] GC(23) Archive regions: 2->2
[2022-09-11T12:35:59.847+0200][gc,heap     ] GC(23) Humongous regions: 129->129
[2022-09-11T12:35:59.847+0200][gc,metaspace] GC(23) Metaspace: 41763K(42240K)->41763K(42240K) NonClass: 36780K(37056K)->36780K(37056K) Class: 4982K(5184K)->4982K(5184K)
[2022-09-11T12:35:59.847+0200][gc          ] GC(23) Pause Young (Normal) (G1 Evacuation Pause) 759M->147M(1024M) 2.281ms
[2022-09-11T12:35:59.847+0200][gc,cpu      ] GC(23) User=0.01s Sys=0.00s Real=0.00s
[2022-09-11T12:36:01.702+0200][gc,start    ] GC(24) Pause Young (Normal) (G1 Evacuation Pause)
[2022-09-11T12:36:01.702+0200][gc,task     ] GC(24) Using 9 workers of 9 for evacuation
[2022-09-11T12:36:01.703+0200][gc,phases   ] GC(24)   Pre Evacuate Collection Set: 0.2ms
[2022-09-11T12:36:01.703+0200][gc,phases   ] GC(24)   Merge Heap Roots: 0.2ms
[2022-09-11T12:36:01.703+0200][gc,phases   ] GC(24)   Evacuate Collection Set: 0.8ms
[2022-09-11T12:36:01.703+0200][gc,phases   ] GC(24)   Post Evacuate Collection Set: 0.4ms
[2022-09-11T12:36:01.703+0200][gc,phases   ] GC(24)   Other: 0.1ms
[2022-09-11T12:36:01.703+0200][gc,heap     ] GC(24) Eden regions: 611->0(611)
[2022-09-11T12:36:01.703+0200][gc,heap     ] GC(24) Survivor regions: 3->3(77)
[2022-09-11T12:36:01.703+0200][gc,heap     ] GC(24) Old regions: 16->16
[2022-09-11T12:36:01.703+0200][gc,heap     ] GC(24) Archive regions: 2->2
[2022-09-11T12:36:01.703+0200][gc,heap     ] GC(24) Humongous regions: 129->129
[2022-09-11T12:36:01.703+0200][gc,metaspace] GC(24) Metaspace: 41763K(42240K)->41763K(42240K) NonClass: 36780K(37056K)->36780K(37056K) Class: 4982K(5184K)->4982K(5184K)
[2022-09-11T12:36:01.703+0200][gc          ] GC(24) Pause Young (Normal) (G1 Evacuation Pause) 758M->148M(1024M) 1.737ms
[2022-09-11T12:36:01.704+0200][gc,cpu      ] GC(24) User=0.00s Sys=0.00s Real=0.00s
