[2022-09-11T12:18:59.948+0200][gc] Using G1
[2022-09-11T12:18:59.949+0200][gc,init] Version: 17.0.4.1+0 (release)
[2022-09-11T12:18:59.949+0200][gc,init] CPUs: 10 total, 10 available
[2022-09-11T12:18:59.949+0200][gc,init] Memory: 16384M
[2022-09-11T12:18:59.949+0200][gc,init] Large Page Support: Disabled
[2022-09-11T12:18:59.949+0200][gc,init] NUMA Support: Disabled
[2022-09-11T12:18:59.949+0200][gc,init] Compressed Oops: Enabled (Zero based)
[2022-09-11T12:18:59.949+0200][gc,init] Heap Region Size: 1M
[2022-09-11T12:18:59.949+0200][gc,init] Heap Min Capacity: 512M
[2022-09-11T12:18:59.949+0200][gc,init] Heap Initial Capacity: 512M
[2022-09-11T12:18:59.949+0200][gc,init] Heap Max Capacity: 512M
[2022-09-11T12:18:59.949+0200][gc,init] Pre-touch: Disabled
[2022-09-11T12:18:59.949+0200][gc,init] Parallel Workers: 9
[2022-09-11T12:18:59.949+0200][gc,init] Concurrent Workers: 2
[2022-09-11T12:18:59.949+0200][gc,init] Concurrent Refinement Workers: 9
[2022-09-11T12:18:59.949+0200][gc,init] Periodic GC: Disabled
[2022-09-11T12:18:59.949+0200][gc,metaspace] CDS archive(s) mapped at: [0x0000000800000000-0x0000000800bd4000-0x0000000800bd4000), size 12402688, SharedBaseAddress: 0x0000000800000000, ArchiveRelocationMode: 0.
[2022-09-11T12:18:59.949+0200][gc,metaspace] Compressed class space mapped at: 0x0000000800c00000-0x0000000840c00000, reserved size: 1073741824
[2022-09-11T12:18:59.949+0200][gc,metaspace] Narrow klass base: 0x0000000800000000, Narrow klass shift: 0, Narrow klass range: 0x100000000
[2022-09-11T12:19:36.920+0200][gc,start    ] GC(0) Pause Young (Normal) (G1 Evacuation Pause)
[2022-09-11T12:19:36.920+0200][gc,task     ] GC(0) Using 9 workers of 9 for evacuation
[2022-09-11T12:19:36.923+0200][gc,phases   ] GC(0)   Pre Evacuate Collection Set: 0.1ms
[2022-09-11T12:19:36.923+0200][gc,phases   ] GC(0)   Merge Heap Roots: 0.0ms
[2022-09-11T12:19:36.923+0200][gc,phases   ] GC(0)   Evacuate Collection Set: 2.1ms
[2022-09-11T12:19:36.923+0200][gc,phases   ] GC(0)   Post Evacuate Collection Set: 0.3ms
[2022-09-11T12:19:36.923+0200][gc,phases   ] GC(0)   Other: 0.3ms
[2022-09-11T12:19:36.923+0200][gc,heap     ] GC(0) Eden regions: 25->0(21)
[2022-09-11T12:19:36.923+0200][gc,heap     ] GC(0) Survivor regions: 0->4(4)
[2022-09-11T12:19:36.923+0200][gc,heap     ] GC(0) Old regions: 0->3
[2022-09-11T12:19:36.923+0200][gc,heap     ] GC(0) Archive regions: 2->2
[2022-09-11T12:19:36.923+0200][gc,heap     ] GC(0) Humongous regions: 0->0
[2022-09-11T12:19:36.923+0200][gc,metaspace] GC(0) Metaspace: 7779K(7936K)->7779K(7936K) NonClass: 6893K(6976K)->6893K(6976K) Class: 886K(960K)->886K(960K)
[2022-09-11T12:19:36.923+0200][gc          ] GC(0) Pause Young (Normal) (G1 Evacuation Pause) 25M->7M(512M) 2.882ms
[2022-09-11T12:19:36.923+0200][gc,cpu      ] GC(0) User=0.01s Sys=0.01s Real=0.00s
